Hello from Celed v3.5!